/                                                14.8 MB  8 files  live WHY                                             
   name                                         size▼      %      files /Users                                          
   Users/                    ███████████░░░   11.8 MB  80.0%          6                                                 
   Applications/             ███░░░░░░░░░░░    2.8 MB  19.0%          1 size       11.8 MB                              
   Library/                  █░░░░░░░░░░░░░    152 KB   1.0%          1 bucket     Personal files › Home folders        
                                                                        owner      Home folders                         
                                                                        reclaim    user-data                            
                                                                        source     rule:personal.users.root             
                                                                                                                        
                                                                        evidence                                        
                                                                          rule personal.users.root matched /Users       
                                                                                                                        
                                                                                                                        
                                                                                                                        
                                                                                                                        
                                                                                                                        
                                                                                                                        
                                                                                                                        
                                                                                                                        
                                                                                                                        
                                                                                                                        
                                                                                                                        
                                                                                                                        
                                                                                                                        
                                                                                                                        
                                                                                                                        
                                                                                                                        
                                                                                                                        
                                                                                                                        
                                                                                                                        
                                                                                                                        
                                                                                                                        
                                                                                                                        
                                                                                                                        
                                                                                                                        
                                                                                                                        
                                                                                                                        
                                                                                                                        

↑/k up • ↓/j down • enter/l open • bksp/h parent • s sort by size • / filter • w why • tab switch view • ? help • q quit