APPLICATIONS                                                                       2 bundles  2 casks  900 KB to look at
  application                                                       total    bundle      data    caches source sure
INSTALLED  (1, what each one costs)
  Example Editor                                   ████████████    6.2 MB    2.8 MB    2.2 MB    1.2 MB bundle strong
NEEDS ATTENTION  (3 owners whose software storix cannot find)
  Ghostwriter                                      ░░░░░░░░░░░░       0 B            cask-only     likely
  Gone Software                                    ██░░░░░░░░░░    900 KB 2023-11-14 orphan-likely likely
  com.todesktop.230313                             ██░░░░░░░░░░    1.2 MB            unknown       unknown































↑/k up • ↓/j down • enter/l open • bksp/h parent • s sort by size • / filter • w why • tab switch view • ? help • q quit