RECLAIM PLAN                                                                            901 KB could be freed  read-only
      frees item                                                               run / do
SAFE  0 bytes + ~4 MB reported  (1 item)
    ~4.0 MB node: what the tool itself would free
CHECK FIRST  901 KB  (1 item)
     901 KB the Trash                                                          empty the Trash in Finder
IN USE  18 MB  (1 item, listed only)
    18.0 MB OrbStack — data.img































↑/k up • ↓/j down • enter/l open • bksp/h parent • s sort by size • / filter • w why • tab switch view • ? help • q quit