LEDGER › App data                                                                          3.4 MB in this bucket  1 root
  path                                                                                 size      % owner          tag
  /Users/someone/Library                                           ██████████████    7.4 MB 100.0% Library        ?