DEVELOPER  (what your toolchains keep, and what they would give back)                                                   
  node                                                                                                                  
  4 MB  tool    pnpm store v10  ~/Library/Caches/pnpm                                                                   
  reclaim   4 MB — pnpm store prune; 4 MB across the directories listed above                                           
                                                                                                                        
                                                                                                                        
                                                                                                                        
                                                                                                                        
                                                                                                                        
                                                                                                                        
                                                                                                                        
                                                                                                                        
                                                                                                                        
                                                                                                                        
                                                                                                                        
                                                                                                                        
                                                                                                                        
                                                                                                                        
                                                                                                                        
                                                                                                                        
                                                                                                                        
                                                                                                                        
                                                                                                                        
                                                                                                                        
                                                                                                                        
                                                                                                                        
                                                                                                                        
                                                                                                                        
                                                                                                                        
                                                                                                                        
                                                                                                                        
                                                                                                                        
                                                                                                                        
                                                                                                                        
                                                                                                                        
                                                                                                                        
                                                                                                                        


↑/k up • ↓/j down • enter/l open • bksp/h parent • s sort by size • / filter • w why • tab switch view • ? help • q quit